// Jest Snapshot v1, https://goo.gl/fbAQLP

exports[`renders correctly 1`] = `
<View
  style={
    Array [
      Object {
        "backgroundColor": "red",
        "borderColor": "red",
        "borderRadius": 15,
        "borderStyle": "solid",
        "borderWidth": 1,
        "color": "red",
        "display": "flex",
        "left": 10,
        "paddingBottom": 5,
        "paddingTop": 5,
        "position": "absolute",
        "textAlign": "center",
        "top": 20,
        "width": 50,
      },
      Object {
        "textAlign": "center",
      },
    ]
  }
>
  <View
    accessible={true}
    focusable={false}
    onClick={[Function]}
    onResponderGrant={[Function]}
    onResponderMove={[Function]}
    onResponderRelease={[Function]}
    onResponderTerminate={[Function]}
    onResponderTerminationRequest={[Function]}
    onStartShouldSetResponder={[Function]}
    style={
      Object {
        "opacity": 1,
      }
    }
  />
</View>
`;
